[0m15:13:26.686378 [debug] [MainThread]: Sending event: {'category': 'dbt', 'action': 'invocation', 'label': 'start', 'context': [<snowplow_tracker.self_describing_json.SelfDescribingJson object at 0x7f45c4802780>, <snowplow_tracker.self_describing_json.SelfDescribingJson object at 0x7f45c6ec14c0>, <snowplow_tracker.self_describing_json.SelfDescribingJson object at 0x7f45c5e0a930>]}


============================== 15:13:26.698185 | 19cfe86f-c774-4d93-8ee2-abb73c644505 ==============================
[0m15:13:26.698185 [info ] [MainThread]: Running with dbt=1.11.11
[0m15:13:26.699001 [debug] [MainThread]: running dbt with arguments {'invocation_command': 'dbt init hockey_dbt', 'log_cache_events': 'False', 'version_check': 'True', 'write_json': 'True', 'use_experimental_parser': 'False', 'warn_error': 'None', 'log_path': 'logs', 'partial_parse': 'True', 'empty': 'None', 'introspect': 'True', 'profiles_dir': '/home/slansford/.dbt', 'static_parser': 'True', 'use_colors': 'True', 'debug': 'False', 'log_format': 'default', 'printer_width': '80', 'send_anonymous_usage_stats': 'True', 'fail_fast': 'False', 'no_print': 'None', 'quiet': 'False', 'cache_selected_only': 'False', 'target_path': 'None', 'indirect_selection': 'eager', 'warn_error_options': 'WarnErrorOptionsV2(error=[], warn=[], silence=[])'}
[0m15:13:26.720197 [info ] [MainThread]: Creating dbt configuration folder at /home/slansford/.dbt
[0m15:13:26.723029 [debug] [MainThread]: Starter project path: /home/slansford/hockey-pipeline/.venv/lib/python3.12/site-packages/dbt/include/starter_project
[0m15:13:26.741460 [info ] [MainThread]: 
Your new dbt project "hockey_dbt" was created!

For more information on how to configure the profiles.yml file,
please consult the dbt documentation here:

  https://docs.getdbt.com/docs/configure-your-profile

One more thing:

Need help? Don't hesitate to reach out to us via GitHub issues or on Slack:

  https://community.getdbt.com/

Happy modeling!

[0m15:13:26.756801 [info ] [MainThread]: Setting up your profile.
[0m15:23:07.083718 [info ] [MainThread]: Profile hockey_dbt written to /home/slansford/.dbt/profiles.yml using target's profile_template.yml and your supplied values. Run 'dbt debug' to validate the connection.
[0m15:23:07.085131 [debug] [MainThread]: Resource report: {"command_name": "init", "command_success": true, "command_wall_clock_time": 580.4792, "process_in_blocks": "0", "process_kernel_time": 1.828125, "process_mem_max_rss": "174880", "process_out_blocks": "0", "process_user_time": 2.78125}
[0m15:23:07.085765 [debug] [MainThread]: Command `dbt init` succeeded at 15:23:07.085667 after 580.48 seconds
[0m15:23:07.086128 [debug] [MainThread]: Sending event: {'category': 'dbt', 'action': 'invocation', 'label': 'end', 'context': [<snowplow_tracker.self_describing_json.SelfDescribingJson object at 0x7f459b200410>, <snowplow_tracker.self_describing_json.SelfDescribingJson object at 0x7f45c47e7b00>, <snowplow_tracker.self_describing_json.SelfDescribingJson object at 0x7f4599272480>]}
[0m15:23:07.086538 [debug] [MainThread]: Flushing usage events
[0m15:23:07.285208 [debug] [MainThread]: An error was encountered while trying to flush usage events
[0m15:23:19.967058 [debug] [MainThread]: Sending event: {'category': 'dbt', 'action': 'invocation', 'label': 'start', 'context': [<snowplow_tracker.self_describing_json.SelfDescribingJson object at 0x7f6b2139d040>, <snowplow_tracker.self_describing_json.SelfDescribingJson object at 0x7f6b1e878680>, <snowplow_tracker.self_describing_json.SelfDescribingJson object at 0x7f6b1f2d58b0>]}


============================== 15:23:19.971904 | 7777b4f6-3466-4066-b0eb-e1ea8cb3029c ==============================
[0m15:23:19.971904 [info ] [MainThread]: Running with dbt=1.11.11
[0m15:23:19.972943 [debug] [MainThread]: running dbt with arguments {'target_path': 'None', 'write_json': 'True', 'debug': 'False', 'fail_fast': 'False', 'warn_error': 'None', 'quiet': 'False', 'log_path': 'logs', 'warn_error_options': 'WarnErrorOptionsV2(error=[], warn=[], silence=[])', 'use_experimental_parser': 'False', 'empty': 'None', 'version_check': 'True', 'no_print': 'None', 'send_anonymous_usage_stats': 'True', 'indirect_selection': 'eager', 'static_parser': 'True', 'use_colors': 'True', 'log_cache_events': 'False', 'invocation_command': 'dbt debug', 'printer_width': '80', 'profiles_dir': '/home/slansford/.dbt', 'cache_selected_only': 'False', 'log_format': 'default', 'introspect': 'True', 'partial_parse': 'True'}
[0m15:23:19.991402 [info ] [MainThread]: dbt version: 1.11.11
[0m15:23:19.992284 [info ] [MainThread]: python version: 3.12.3
[0m15:23:19.993677 [info ] [MainThread]: python path: /home/slansford/hockey-pipeline/.venv/bin/python3
[0m15:23:19.994250 [info ] [MainThread]: os info: Linux-4.4.0-19041-Microsoft-x86_64-with-glibc2.39
[0m15:23:20.985876 [info ] [MainThread]: Using profiles dir at /home/slansford/.dbt
[0m15:23:20.986773 [info ] [MainThread]: Using profiles.yml file at /home/slansford/.dbt/profiles.yml
[0m15:23:20.987557 [info ] [MainThread]: Using dbt_project.yml file at /home/slansford/hockey-pipeline/dbt_project.yml
[0m15:23:20.988481 [info ] [MainThread]: adapter type: bigquery
[0m15:23:20.989158 [info ] [MainThread]: adapter version: 1.11.1
[0m15:23:20.990139 [info ] [MainThread]: Configuration:
[0m15:23:20.990690 [info ] [MainThread]:   profiles.yml file [[32mOK found and valid[0m]
[0m15:23:20.991554 [info ] [MainThread]:   dbt_project.yml file [[31mERROR not found[0m]
[0m15:23:20.992705 [info ] [MainThread]: Required dependencies:
[0m15:23:20.993438 [debug] [MainThread]: Executing "git --help"
[0m15:23:21.020558 [debug] [MainThread]: STDOUT: "b"usage: git [-v | --version] [-h | --help] [-C <path>] [-c <name>=<value>]\n           [--exec-path[=<path>]] [--html-path] [--man-path] [--info-path]\n           [-p | --paginate | -P | --no-pager] [--no-replace-objects] [--bare]\n           [--git-dir=<path>] [--work-tree=<path>] [--namespace=<name>]\n           [--config-env=<name>=<envvar>] <command> [<args>]\n\nThese are common Git commands used in various situations:\n\nstart a working area (see also: git help tutorial)\n   clone     Clone a repository into a new directory\n   init      Create an empty Git repository or reinitialize an existing one\n\nwork on the current change (see also: git help everyday)\n   add       Add file contents to the index\n   mv        Move or rename a file, a directory, or a symlink\n   restore   Restore working tree files\n   rm        Remove files from the working tree and from the index\n\nexamine the history and state (see also: git help revisions)\n   bisect    Use binary search to find the commit that introduced a bug\n   diff      Show changes between commits, commit and working tree, etc\n   grep      Print lines matching a pattern\n   log       Show commit logs\n   show      Show various types of objects\n   status    Show the working tree status\n\ngrow, mark and tweak your common history\n   branch    List, create, or delete branches\n   commit    Record changes to the repository\n   merge     Join two or more development histories together\n   rebase    Reapply commits on top of another base tip\n   reset     Reset current HEAD to the specified state\n   switch    Switch branches\n   tag       Create, list, delete or verify a tag object signed with GPG\n\ncollaborate (see also: git help workflows)\n   fetch     Download objects and refs from another repository\n   pull      Fetch from and integrate with another repository or a local branch\n   push      Update remote refs along with associated objects\n\n'git help -a' and 'git help -g' list available subcommands and some\nconcept guides. See 'git help <command>' or 'git help <concept>'\nto read about a specific subcommand or concept.\nSee 'git help git' for an overview of the system.\n""
[0m15:23:21.021000 [debug] [MainThread]: STDERR: "b''"
[0m15:23:21.021463 [info ] [MainThread]:  - git [[32mOK found[0m]

[0m15:23:21.022791 [info ] [MainThread]: Connection:
[0m15:23:21.023730 [info ] [MainThread]:   method: oauth
[0m15:23:21.024251 [info ] [MainThread]:   database: my-project-1546209889053
[0m15:23:21.025498 [info ] [MainThread]:   execution_project: my-project-1546209889053
[0m15:23:21.026074 [info ] [MainThread]:   schema: hockey_dbt_dev
[0m15:23:21.028111 [info ] [MainThread]:   location: US
[0m15:23:21.028656 [info ] [MainThread]:   priority: interactive
[0m15:23:21.029545 [info ] [MainThread]:   maximum_bytes_billed: None
[0m15:23:21.030086 [info ] [MainThread]:   impersonate_service_account: None
[0m15:23:21.030919 [info ] [MainThread]:   job_retry_deadline_seconds: None
[0m15:23:21.031464 [info ] [MainThread]:   job_retries: 1
[0m15:23:21.032157 [info ] [MainThread]:   job_creation_timeout_seconds: None
[0m15:23:21.032706 [info ] [MainThread]:   job_execution_timeout_seconds: 300
[0m15:23:21.033391 [info ] [MainThread]:   timeout_seconds: 300
[0m15:23:21.034001 [info ] [MainThread]:   client_id: None
[0m15:23:21.034678 [info ] [MainThread]:   token_uri: None
[0m15:23:21.037175 [info ] [MainThread]:   compute_region: None
[0m15:23:21.037807 [info ] [MainThread]:   dataproc_cluster_name: None
[0m15:23:21.039530 [info ] [MainThread]:   gcs_bucket: None
[0m15:23:21.040074 [info ] [MainThread]:   dataproc_batch: None
[0m15:23:21.041171 [info ] [MainThread]: Registered adapter: bigquery=1.11.1
[0m15:23:21.378193 [debug] [MainThread]: Acquiring new bigquery connection 'debug'
[0m15:23:21.378629 [debug] [MainThread]: On debug: select 1 as id
[0m15:23:21.379005 [debug] [MainThread]: Opening a new connection, currently in state init
[0m15:23:33.521609 [debug] [MainThread]: BigQuery adapter: Got an error when attempting to create a bigquery " "client: 'Runtime Error
  Failed to authenticate with supplied credentials
  error:
  Your default credentials were not found. To set up Application Default Credentials, see https://cloud.google.com/docs/authentication/external/set-up-adc for more information.'
[0m15:23:33.522716 [debug] [MainThread]: BigQuery adapter: Unhandled error while running:
select 1 as id
[0m15:23:33.523504 [debug] [MainThread]: BigQuery adapter: Database Error
  Runtime Error
    Failed to authenticate with supplied credentials
    error:
    Your default credentials were not found. To set up Application Default Credentials, see https://cloud.google.com/docs/authentication/external/set-up-adc for more information.
[0m15:23:33.524302 [info ] [MainThread]:   Connection test: [[31mERROR[0m]

[0m15:23:33.530857 [info ] [MainThread]: [31m2 checks failed:[0m
[0m15:23:33.531773 [info ] [MainThread]: Project loading failed for the following reason:
 project path </home/slansford/hockey-pipeline/dbt_project.yml> not found

[0m15:23:33.534524 [info ] [MainThread]: dbt was unable to connect to the specified database.
The database returned the following error:

  >'NoneType' object has no attribute 'close'

Check your database credentials and try again. For more information, visit:
https://docs.getdbt.com/docs/configure-your-profile


[0m15:23:33.548073 [debug] [MainThread]: Resource report: {"command_name": "debug", "command_success": false, "command_wall_clock_time": 13.65263, "process_in_blocks": "0", "process_kernel_time": 1.078125, "process_mem_max_rss": "177448", "process_out_blocks": "0", "process_user_time": 3.140625}
[0m15:23:33.548523 [debug] [MainThread]: Command `dbt debug` failed at 15:23:33.548432 after 13.65 seconds
[0m15:23:33.548878 [debug] [MainThread]: Sending event: {'category': 'dbt', 'action': 'invocation', 'label': 'end', 'context': [<snowplow_tracker.self_describing_json.SelfDescribingJson object at 0x7f6b210b6300>, <snowplow_tracker.self_describing_json.SelfDescribingJson object at 0x7f6af4c47e60>, <snowplow_tracker.self_describing_json.SelfDescribingJson object at 0x7f6af5cff890>]}
[0m15:23:33.549254 [debug] [MainThread]: Flushing usage events
[0m15:23:33.725422 [debug] [MainThread]: An error was encountered while trying to flush usage events
